[2024-10-28T09:59:25.112+0000] {local_task_job_runner.py:123} INFO - ::group::Pre task execution logs
[2024-10-28T09:59:25.129+0000] {taskinstance.py:2612} INFO - Dependencies all met for dep_context=non-requeueable deps ti=<TaskInstance: crawl_dag.run_main_function manual__2024-10-28T09:59:24.448531+00:00 [queued]>
[2024-10-28T09:59:25.139+0000] {taskinstance.py:2612} INFO - Dependencies all met for dep_context=requeueable deps ti=<TaskInstance: crawl_dag.run_main_function manual__2024-10-28T09:59:24.448531+00:00 [queued]>
[2024-10-28T09:59:25.140+0000] {taskinstance.py:2865} INFO - Starting attempt 1 of 2
[2024-10-28T09:59:25.151+0000] {taskinstance.py:2888} INFO - Executing <Task(PythonOperator): run_main_function> on 2024-10-28 09:59:24.448531+00:00
[2024-10-28T09:59:25.157+0000] {warnings.py:112} WARNING - /home/***/.local/lib/python3.12/site-packages/***/task/task_runner/standard_task_runner.py:70: DeprecationWarning: This process (pid=241) is multi-threaded, use of fork() may lead to deadlocks in the child.
  pid = os.fork()

[2024-10-28T09:59:25.157+0000] {standard_task_runner.py:72} INFO - Started process 242 to run task
[2024-10-28T09:59:25.158+0000] {standard_task_runner.py:104} INFO - Running: ['***', 'tasks', 'run', 'crawl_dag', 'run_main_function', 'manual__2024-10-28T09:59:24.448531+00:00', '--job-id', '14', '--raw', '--subdir', 'DAGS_FOLDER/crawl_dag.py', '--cfg-path', '/tmp/tmp1horoki1']
[2024-10-28T09:59:25.160+0000] {standard_task_runner.py:105} INFO - Job 14: Subtask run_main_function
[2024-10-28T09:59:25.197+0000] {task_command.py:467} INFO - Running <TaskInstance: crawl_dag.run_main_function manual__2024-10-28T09:59:24.448531+00:00 [running]> on host 62c01eecfef1
[2024-10-28T09:59:25.267+0000] {taskinstance.py:3131} INFO - Exporting env vars: AIRFLOW_CTX_DAG_OWNER='PhiNguyen' AIRFLOW_CTX_DAG_ID='crawl_dag' AIRFLOW_CTX_TASK_ID='run_main_function' AIRFLOW_CTX_EXECUTION_DATE='2024-10-28T09:59:24.448531+00:00' AIRFLOW_CTX_TRY_NUMBER='1' AIRFLOW_CTX_DAG_RUN_ID='manual__2024-10-28T09:59:24.448531+00:00'
[2024-10-28T09:59:25.268+0000] {taskinstance.py:731} INFO - ::endgroup::
[2024-10-28T09:59:25.281+0000] {logging_mixin.py:190} INFO - Processing book with ID: 42230121
[2024-10-28T09:59:25.823+0000] {logging_mixin.py:190} INFO - Processing book with ID: 74460137
[2024-10-28T09:59:26.299+0000] {logging_mixin.py:190} INFO - Processing book with ID: 273385286
[2024-10-28T09:59:26.689+0000] {logging_mixin.py:190} INFO - Processing book with ID: 187827003
[2024-10-28T09:59:27.061+0000] {logging_mixin.py:190} INFO - Processing book with ID: 263070154
[2024-10-28T09:59:27.655+0000] {logging_mixin.py:190} INFO - Processing book with ID: 166192600
[2024-10-28T09:59:28.071+0000] {logging_mixin.py:190} INFO - Processing book with ID: 48752755
[2024-10-28T09:59:28.385+0000] {logging_mixin.py:190} INFO - Processing book with ID: 105663942
[2024-10-28T09:59:28.984+0000] {logging_mixin.py:190} INFO - Processing book with ID: 381234
[2024-10-28T09:59:29.467+0000] {logging_mixin.py:190} INFO - Processing book with ID: 48323805
[2024-10-28T09:59:29.736+0000] {logging_mixin.py:190} INFO - Processing book with ID: 103512039
[2024-10-28T09:59:30.051+0000] {logging_mixin.py:190} INFO - Processing book with ID: 13419678
[2024-10-28T09:59:30.344+0000] {logging_mixin.py:190} INFO - Processing book with ID: 555504
[2024-10-28T09:59:30.736+0000] {logging_mixin.py:190} INFO - Processing book with ID: 13833466
[2024-10-28T09:59:31.110+0000] {logging_mixin.py:190} INFO - Processing book with ID: 71345381
[2024-10-28T09:59:31.766+0000] {logging_mixin.py:190} INFO - Processing book with ID: 104651900
[2024-10-28T09:59:32.020+0000] {logging_mixin.py:190} INFO - Processing book with ID: 207256575
[2024-10-28T09:59:32.296+0000] {logging_mixin.py:190} INFO - Processing book with ID: 36363381
[2024-10-28T09:59:32.559+0000] {logging_mixin.py:190} INFO - Processing book with ID: 75307228
[2024-10-28T09:59:33.191+0000] {logging_mixin.py:190} INFO - Processing book with ID: 276159943
[2024-10-28T09:59:33.704+0000] {logging_mixin.py:190} INFO - Processing book with ID: 93734071
[2024-10-28T09:59:33.974+0000] {logging_mixin.py:190} INFO - Processing book with ID: 112588572
[2024-10-28T09:59:34.253+0000] {logging_mixin.py:190} INFO - Processing book with ID: 71322822
[2024-10-28T09:59:34.530+0000] {logging_mixin.py:190} INFO - Processing book with ID: 10244169
[2024-10-28T09:59:34.787+0000] {logging_mixin.py:190} INFO - Processing book with ID: 148760924
[2024-10-28T09:59:35.053+0000] {logging_mixin.py:190} INFO - Processing book with ID: 270529639
[2024-10-28T09:59:35.409+0000] {logging_mixin.py:190} INFO - Processing book with ID: 275101757
[2024-10-28T09:59:35.683+0000] {logging_mixin.py:190} INFO - Processing book with ID: 262977989
[2024-10-28T09:59:35.974+0000] {logging_mixin.py:190} INFO - Processing book with ID: 272000024
[2024-10-28T09:59:36.332+0000] {logging_mixin.py:190} INFO - Processing book with ID: 273819808
[2024-10-28T09:59:36.837+0000] {logging_mixin.py:190} INFO - Processing book with ID: 57325187
[2024-10-28T09:59:37.289+0000] {logging_mixin.py:190} INFO - Processing book with ID: 7833728
[2024-10-28T09:59:37.723+0000] {logging_mixin.py:190} INFO - Processing book with ID: 275599939
[2024-10-28T09:59:37.982+0000] {logging_mixin.py:190} INFO - Processing book with ID: 273822788
[2024-10-28T09:59:38.254+0000] {logging_mixin.py:190} INFO - Processing book with ID: 202879294
[2024-10-28T09:59:38.498+0000] {logging_mixin.py:190} INFO - Processing book with ID: 3954355
[2024-10-28T09:59:39.023+0000] {logging_mixin.py:190} INFO - Processing book with ID: 95289208
[2024-10-28T09:59:39.279+0000] {logging_mixin.py:190} INFO - Processing book with ID: 52788072
[2024-10-28T09:59:39.607+0000] {logging_mixin.py:190} INFO - Processing book with ID: 41556498
[2024-10-28T09:59:40.224+0000] {logging_mixin.py:190} INFO - Processing book with ID: 194960730
[2024-10-28T09:59:40.586+0000] {logging_mixin.py:190} INFO - Processing book with ID: 50685547
[2024-10-28T09:59:41.186+0000] {logging_mixin.py:190} INFO - Processing book with ID: 214496616
[2024-10-28T09:59:41.460+0000] {logging_mixin.py:190} INFO - Processing book with ID: 274566783
[2024-10-28T09:59:41.914+0000] {logging_mixin.py:190} INFO - Processing book with ID: 43016499
[2024-10-28T09:59:42.273+0000] {logging_mixin.py:190} INFO - Processing book with ID: 195962334
[2024-10-28T09:59:42.597+0000] {logging_mixin.py:190} INFO - Processing book with ID: 15267827
[2024-10-28T09:59:42.923+0000] {logging_mixin.py:190} INFO - Processing book with ID: 190335975
[2024-10-28T09:59:43.195+0000] {logging_mixin.py:190} INFO - Processing book with ID: 262590428
[2024-10-28T09:59:43.635+0000] {logging_mixin.py:190} INFO - Processing book with ID: 10581200
[2024-10-28T09:59:44.109+0000] {logging_mixin.py:190} INFO - Processing book with ID: 270234757
[2024-10-28T09:59:44.534+0000] {logging_mixin.py:190} INFO - Processing book with ID: 19792256
[2024-10-28T09:59:44.801+0000] {logging_mixin.py:190} INFO - Processing book with ID: 37452783
[2024-10-28T09:59:45.338+0000] {logging_mixin.py:190} INFO - Processing book with ID: 648672
[2024-10-28T09:59:45.666+0000] {logging_mixin.py:190} INFO - Processing book with ID: 75996801
[2024-10-28T09:59:45.946+0000] {logging_mixin.py:190} INFO - Processing book with ID: 275243125
[2024-10-28T09:59:46.327+0000] {logging_mixin.py:190} INFO - Processing book with ID: 16284286
[2024-10-28T09:59:46.588+0000] {logging_mixin.py:190} INFO - Processing book with ID: 168662171
[2024-10-28T09:59:47.184+0000] {logging_mixin.py:190} INFO - Processing book with ID: 16422526
[2024-10-28T09:59:47.696+0000] {logging_mixin.py:190} INFO - Processing book with ID: 48592472
[2024-10-28T09:59:48.113+0000] {logging_mixin.py:190} INFO - Processing book with ID: 52329763
[2024-10-28T09:59:48.409+0000] {logging_mixin.py:190} INFO - Processing book with ID: 3608625
[2024-10-28T09:59:48.654+0000] {logging_mixin.py:190} INFO - Processing book with ID: 275702538
[2024-10-28T09:59:48.904+0000] {logging_mixin.py:190} INFO - Processing book with ID: 53434797
[2024-10-28T09:59:49.193+0000] {logging_mixin.py:190} INFO - Processing book with ID: 74021317
[2024-10-28T09:59:49.473+0000] {logging_mixin.py:190} INFO - Processing book with ID: 3304875
[2024-10-28T09:59:49.712+0000] {logging_mixin.py:190} INFO - Processing book with ID: 145288029
[2024-10-28T09:59:49.970+0000] {logging_mixin.py:190} INFO - Processing book with ID: 275406600
[2024-10-28T09:59:50.231+0000] {logging_mixin.py:190} INFO - Processing book with ID: 273844986
[2024-10-28T09:59:50.667+0000] {logging_mixin.py:190} INFO - Processing book with ID: 271379451
[2024-10-28T09:59:51.074+0000] {logging_mixin.py:190} INFO - Processing book with ID: 750578
[2024-10-28T09:59:51.383+0000] {logging_mixin.py:190} INFO - Processing book with ID: 147920903
[2024-10-28T09:59:51.722+0000] {logging_mixin.py:190} INFO - Processing book with ID: 4780917
[2024-10-28T09:59:52.094+0000] {logging_mixin.py:190} INFO - Processing book with ID: 3639597
[2024-10-28T09:59:52.515+0000] {logging_mixin.py:190} INFO - Processing book with ID: 52789367
[2024-10-28T09:59:53.221+0000] {logging_mixin.py:190} INFO - Processing book with ID: 157432544
[2024-10-28T09:59:53.588+0000] {logging_mixin.py:190} INFO - Processing book with ID: 73787185
[2024-10-28T09:59:53.990+0000] {logging_mixin.py:190} INFO - Processing book with ID: 17336364
[2024-10-28T09:59:54.459+0000] {logging_mixin.py:190} INFO - Processing book with ID: 271380890
[2024-10-28T09:59:54.875+0000] {logging_mixin.py:190} INFO - Processing book with ID: 10005245
[2024-10-28T09:59:55.410+0000] {logging_mixin.py:190} INFO - Processing book with ID: 109017985
[2024-10-28T09:59:55.662+0000] {python.py:240} INFO - Done. Returned value was: None
[2024-10-28T09:59:55.689+0000] {taskinstance.py:340} INFO - ::group::Post task execution logs
[2024-10-28T09:59:55.690+0000] {taskinstance.py:352} INFO - Marking task as SUCCESS. dag_id=crawl_dag, task_id=run_main_function, run_id=manual__2024-10-28T09:59:24.448531+00:00, execution_date=20241028T095924, start_date=20241028T095925, end_date=20241028T095955
[2024-10-28T09:59:55.753+0000] {local_task_job_runner.py:266} INFO - Task exited with return code 0
[2024-10-28T09:59:55.773+0000] {taskinstance.py:3900} INFO - 0 downstream tasks scheduled from follow-on schedule check
[2024-10-28T09:59:55.776+0000] {local_task_job_runner.py:245} INFO - ::endgroup::
