[2024-10-28T09:46:02.829+0000] {local_task_job_runner.py:123} INFO - ::group::Pre task execution logs
[2024-10-28T09:46:02.844+0000] {taskinstance.py:2612} INFO - Dependencies all met for dep_context=non-requeueable deps ti=<TaskInstance: crawl_dag.run_main_function manual__2024-10-28T09:46:00.944313+00:00 [queued]>
[2024-10-28T09:46:02.852+0000] {taskinstance.py:2612} INFO - Dependencies all met for dep_context=requeueable deps ti=<TaskInstance: crawl_dag.run_main_function manual__2024-10-28T09:46:00.944313+00:00 [queued]>
[2024-10-28T09:46:02.852+0000] {taskinstance.py:2865} INFO - Starting attempt 1 of 2
[2024-10-28T09:46:02.863+0000] {taskinstance.py:2888} INFO - Executing <Task(PythonOperator): run_main_function> on 2024-10-28 09:46:00.944313+00:00
[2024-10-28T09:46:02.868+0000] {warnings.py:112} WARNING - /home/***/.local/lib/python3.12/site-packages/***/task/task_runner/standard_task_runner.py:70: DeprecationWarning: This process (pid=60) is multi-threaded, use of fork() may lead to deadlocks in the child.
  pid = os.fork()

[2024-10-28T09:46:02.869+0000] {standard_task_runner.py:72} INFO - Started process 61 to run task
[2024-10-28T09:46:02.870+0000] {standard_task_runner.py:104} INFO - Running: ['***', 'tasks', 'run', 'crawl_dag', 'run_main_function', 'manual__2024-10-28T09:46:00.944313+00:00', '--job-id', '12', '--raw', '--subdir', 'DAGS_FOLDER/crawl_dag.py', '--cfg-path', '/tmp/tmpygmaotpx']
[2024-10-28T09:46:02.872+0000] {standard_task_runner.py:105} INFO - Job 12: Subtask run_main_function
[2024-10-28T09:46:02.907+0000] {task_command.py:467} INFO - Running <TaskInstance: crawl_dag.run_main_function manual__2024-10-28T09:46:00.944313+00:00 [running]> on host 62c01eecfef1
[2024-10-28T09:46:02.977+0000] {taskinstance.py:3131} INFO - Exporting env vars: AIRFLOW_CTX_DAG_OWNER='PhiNguyen' AIRFLOW_CTX_DAG_ID='crawl_dag' AIRFLOW_CTX_TASK_ID='run_main_function' AIRFLOW_CTX_EXECUTION_DATE='2024-10-28T09:46:00.944313+00:00' AIRFLOW_CTX_TRY_NUMBER='1' AIRFLOW_CTX_DAG_RUN_ID='manual__2024-10-28T09:46:00.944313+00:00'
[2024-10-28T09:46:02.978+0000] {taskinstance.py:731} INFO - ::endgroup::
[2024-10-28T09:46:03.014+0000] {logging_mixin.py:190} INFO - Processing book with ID: 42230121
[2024-10-28T09:46:03.368+0000] {logging_mixin.py:190} INFO - Processing book with ID: 74460137
[2024-10-28T09:46:03.743+0000] {logging_mixin.py:190} INFO - Processing book with ID: 273385286
[2024-10-28T09:46:04.006+0000] {logging_mixin.py:190} INFO - Processing book with ID: 187827003
[2024-10-28T09:46:04.277+0000] {logging_mixin.py:190} INFO - Processing book with ID: 263070154
[2024-10-28T09:46:04.753+0000] {logging_mixin.py:190} INFO - Processing book with ID: 166192600
[2024-10-28T09:46:05.020+0000] {logging_mixin.py:190} INFO - Processing book with ID: 48752755
[2024-10-28T09:46:05.581+0000] {logging_mixin.py:190} INFO - Processing book with ID: 105663942
[2024-10-28T09:46:05.835+0000] {logging_mixin.py:190} INFO - Processing book with ID: 381234
[2024-10-28T09:46:06.082+0000] {logging_mixin.py:190} INFO - Processing book with ID: 48323805
[2024-10-28T09:46:06.320+0000] {logging_mixin.py:190} INFO - Processing book with ID: 103512039
[2024-10-28T09:46:06.582+0000] {logging_mixin.py:190} INFO - Processing book with ID: 13419678
[2024-10-28T09:46:06.873+0000] {logging_mixin.py:190} INFO - Processing book with ID: 555504
[2024-10-28T09:46:07.456+0000] {logging_mixin.py:190} INFO - Processing book with ID: 13833466
[2024-10-28T09:46:07.722+0000] {logging_mixin.py:190} INFO - Processing book with ID: 71345381
[2024-10-28T09:46:08.080+0000] {logging_mixin.py:190} INFO - Processing book with ID: 104651900
[2024-10-28T09:46:08.333+0000] {logging_mixin.py:190} INFO - Processing book with ID: 207256575
[2024-10-28T09:46:08.574+0000] {logging_mixin.py:190} INFO - Processing book with ID: 36363381
[2024-10-28T09:46:08.812+0000] {logging_mixin.py:190} INFO - Processing book with ID: 75307228
[2024-10-28T09:46:09.410+0000] {logging_mixin.py:190} INFO - Processing book with ID: 276159943
[2024-10-28T09:46:09.843+0000] {logging_mixin.py:190} INFO - Processing book with ID: 93734071
[2024-10-28T09:46:10.152+0000] {logging_mixin.py:190} INFO - Processing book with ID: 112588572
[2024-10-28T09:46:10.427+0000] {logging_mixin.py:190} INFO - Processing book with ID: 71322822
[2024-10-28T09:46:10.688+0000] {logging_mixin.py:190} INFO - Processing book with ID: 10244169
[2024-10-28T09:46:10.962+0000] {logging_mixin.py:190} INFO - Processing book with ID: 148760924
[2024-10-28T09:46:11.235+0000] {logging_mixin.py:190} INFO - Processing book with ID: 270529639
[2024-10-28T09:46:11.507+0000] {logging_mixin.py:190} INFO - Processing book with ID: 275101757
[2024-10-28T09:46:12.043+0000] {logging_mixin.py:190} INFO - Processing book with ID: 262977989
[2024-10-28T09:46:12.327+0000] {logging_mixin.py:190} INFO - Processing book with ID: 272000024
[2024-10-28T09:46:12.818+0000] {logging_mixin.py:190} INFO - Processing book with ID: 273819808
[2024-10-28T09:46:13.166+0000] {logging_mixin.py:190} INFO - Processing book with ID: 57325187
[2024-10-28T09:46:13.713+0000] {logging_mixin.py:190} INFO - Processing book with ID: 7833728
[2024-10-28T09:46:13.981+0000] {logging_mixin.py:190} INFO - Processing book with ID: 275599939
[2024-10-28T09:46:14.257+0000] {logging_mixin.py:190} INFO - Processing book with ID: 273822788
[2024-10-28T09:46:14.804+0000] {logging_mixin.py:190} INFO - Processing book with ID: 202879294
[2024-10-28T09:46:15.254+0000] {logging_mixin.py:190} INFO - Processing book with ID: 3954355
[2024-10-28T09:46:15.804+0000] {logging_mixin.py:190} INFO - Processing book with ID: 95289208
[2024-10-28T09:46:16.061+0000] {logging_mixin.py:190} INFO - Processing book with ID: 52788072
[2024-10-28T09:46:16.365+0000] {logging_mixin.py:190} INFO - Processing book with ID: 41556498
[2024-10-28T09:46:16.856+0000] {logging_mixin.py:190} INFO - Processing book with ID: 194960730
[2024-10-28T09:46:17.369+0000] {logging_mixin.py:190} INFO - Processing book with ID: 50685547
[2024-10-28T09:46:17.946+0000] {logging_mixin.py:190} INFO - Processing book with ID: 214496616
[2024-10-28T09:46:18.204+0000] {logging_mixin.py:190} INFO - Processing book with ID: 274566783
[2024-10-28T09:46:18.841+0000] {logging_mixin.py:190} INFO - Processing book with ID: 43016499
[2024-10-28T09:46:19.144+0000] {logging_mixin.py:190} INFO - Processing book with ID: 195962334
[2024-10-28T09:46:19.420+0000] {logging_mixin.py:190} INFO - Processing book with ID: 15267827
[2024-10-28T09:46:19.710+0000] {logging_mixin.py:190} INFO - Processing book with ID: 190335975
[2024-10-28T09:46:19.987+0000] {logging_mixin.py:190} INFO - Processing book with ID: 262590428
[2024-10-28T09:46:20.577+0000] {logging_mixin.py:190} INFO - Processing book with ID: 10581200
[2024-10-28T09:46:20.821+0000] {logging_mixin.py:190} INFO - Processing book with ID: 270234757
[2024-10-28T09:46:21.187+0000] {logging_mixin.py:190} INFO - Processing book with ID: 19792256
[2024-10-28T09:46:21.447+0000] {logging_mixin.py:190} INFO - Processing book with ID: 37452783
[2024-10-28T09:46:21.708+0000] {logging_mixin.py:190} INFO - Processing book with ID: 648672
[2024-10-28T09:46:21.968+0000] {logging_mixin.py:190} INFO - Processing book with ID: 75996801
[2024-10-28T09:46:22.217+0000] {logging_mixin.py:190} INFO - Processing book with ID: 275243125
[2024-10-28T09:46:22.625+0000] {logging_mixin.py:190} INFO - Processing book with ID: 16284286
[2024-10-28T09:46:22.888+0000] {logging_mixin.py:190} INFO - Processing book with ID: 168662171
[2024-10-28T09:46:23.146+0000] {logging_mixin.py:190} INFO - Processing book with ID: 16422526
[2024-10-28T09:46:23.621+0000] {logging_mixin.py:190} INFO - Processing book with ID: 48592472
[2024-10-28T09:46:23.903+0000] {logging_mixin.py:190} INFO - Processing book with ID: 52329763
[2024-10-28T09:46:24.471+0000] {logging_mixin.py:190} INFO - Processing book with ID: 3608625
[2024-10-28T09:46:24.718+0000] {logging_mixin.py:190} INFO - Processing book with ID: 275702538
[2024-10-28T09:46:24.985+0000] {logging_mixin.py:190} INFO - Processing book with ID: 53434797
[2024-10-28T09:46:25.524+0000] {logging_mixin.py:190} INFO - Processing book with ID: 74021317
[2024-10-28T09:46:25.855+0000] {logging_mixin.py:190} INFO - Processing book with ID: 3304875
[2024-10-28T09:46:26.392+0000] {logging_mixin.py:190} INFO - Processing book with ID: 145288029
[2024-10-28T09:46:26.662+0000] {logging_mixin.py:190} INFO - Processing book with ID: 275406600
[2024-10-28T09:46:27.167+0000] {logging_mixin.py:190} INFO - Processing book with ID: 273844986
[2024-10-28T09:46:27.507+0000] {logging_mixin.py:190} INFO - Processing book with ID: 271379451
[2024-10-28T09:46:27.779+0000] {logging_mixin.py:190} INFO - Processing book with ID: 750578
[2024-10-28T09:46:28.050+0000] {logging_mixin.py:190} INFO - Processing book with ID: 147920903
[2024-10-28T09:46:28.349+0000] {logging_mixin.py:190} INFO - Processing book with ID: 4780917
[2024-10-28T09:46:28.838+0000] {logging_mixin.py:190} INFO - Processing book with ID: 3639597
[2024-10-28T09:46:29.147+0000] {logging_mixin.py:190} INFO - Processing book with ID: 52789367
[2024-10-28T09:46:29.687+0000] {logging_mixin.py:190} INFO - Processing book with ID: 157432544
[2024-10-28T09:46:29.959+0000] {logging_mixin.py:190} INFO - Processing book with ID: 73787185
[2024-10-28T09:46:30.513+0000] {logging_mixin.py:190} INFO - Processing book with ID: 17336364
[2024-10-28T09:46:30.784+0000] {logging_mixin.py:190} INFO - Processing book with ID: 271380890
[2024-10-28T09:46:31.395+0000] {logging_mixin.py:190} INFO - Processing book with ID: 10005245
[2024-10-28T09:46:31.741+0000] {logging_mixin.py:190} INFO - Processing book with ID: 109017985
[2024-10-28T09:46:32.198+0000] {python.py:240} INFO - Done. Returned value was: None
[2024-10-28T09:46:32.229+0000] {taskinstance.py:340} INFO - ::group::Post task execution logs
[2024-10-28T09:46:32.230+0000] {taskinstance.py:352} INFO - Marking task as SUCCESS. dag_id=crawl_dag, task_id=run_main_function, run_id=manual__2024-10-28T09:46:00.944313+00:00, execution_date=20241028T094600, start_date=20241028T094602, end_date=20241028T094632
[2024-10-28T09:46:32.269+0000] {local_task_job_runner.py:266} INFO - Task exited with return code 0
[2024-10-28T09:46:32.289+0000] {taskinstance.py:3900} INFO - 0 downstream tasks scheduled from follow-on schedule check
[2024-10-28T09:46:32.291+0000] {local_task_job_runner.py:245} INFO - ::endgroup::
