[2024-10-28T13:48:15.749+0000] {local_task_job_runner.py:123} INFO - ::group::Pre task execution logs
[2024-10-28T13:48:15.766+0000] {taskinstance.py:2612} INFO - Dependencies all met for dep_context=non-requeueable deps ti=<TaskInstance: crawl_dag.run_main_function manual__2024-10-28T13:48:14.778071+00:00 [queued]>
[2024-10-28T13:48:15.773+0000] {taskinstance.py:2612} INFO - Dependencies all met for dep_context=requeueable deps ti=<TaskInstance: crawl_dag.run_main_function manual__2024-10-28T13:48:14.778071+00:00 [queued]>
[2024-10-28T13:48:15.774+0000] {taskinstance.py:2865} INFO - Starting attempt 1 of 2
[2024-10-28T13:48:15.786+0000] {taskinstance.py:2888} INFO - Executing <Task(PythonOperator): run_main_function> on 2024-10-28 13:48:14.778071+00:00
[2024-10-28T13:48:15.792+0000] {warnings.py:112} WARNING - /home/***/.local/lib/python3.12/site-packages/***/task/task_runner/standard_task_runner.py:70: DeprecationWarning: This process (pid=338) is multi-threaded, use of fork() may lead to deadlocks in the child.
  pid = os.fork()

[2024-10-28T13:48:15.793+0000] {standard_task_runner.py:72} INFO - Started process 339 to run task
[2024-10-28T13:48:15.793+0000] {standard_task_runner.py:104} INFO - Running: ['***', 'tasks', 'run', 'crawl_dag', 'run_main_function', 'manual__2024-10-28T13:48:14.778071+00:00', '--job-id', '18', '--raw', '--subdir', 'DAGS_FOLDER/crawl_dag.py', '--cfg-path', '/tmp/tmp_tk97snf']
[2024-10-28T13:48:15.795+0000] {standard_task_runner.py:105} INFO - Job 18: Subtask run_main_function
[2024-10-28T13:48:15.829+0000] {task_command.py:467} INFO - Running <TaskInstance: crawl_dag.run_main_function manual__2024-10-28T13:48:14.778071+00:00 [running]> on host 62c01eecfef1
[2024-10-28T13:48:15.907+0000] {taskinstance.py:3131} INFO - Exporting env vars: AIRFLOW_CTX_DAG_OWNER='PhiNguyen' AIRFLOW_CTX_DAG_ID='crawl_dag' AIRFLOW_CTX_TASK_ID='run_main_function' AIRFLOW_CTX_EXECUTION_DATE='2024-10-28T13:48:14.778071+00:00' AIRFLOW_CTX_TRY_NUMBER='1' AIRFLOW_CTX_DAG_RUN_ID='manual__2024-10-28T13:48:14.778071+00:00'
[2024-10-28T13:48:15.908+0000] {taskinstance.py:731} INFO - ::endgroup::
[2024-10-28T13:48:15.932+0000] {logging_mixin.py:190} INFO - Processing book with ID: 42230121
[2024-10-28T13:48:16.354+0000] {logging_mixin.py:190} INFO - Processing book with ID: 74460137
[2024-10-28T13:48:16.655+0000] {logging_mixin.py:190} INFO - Processing book with ID: 273385286
[2024-10-28T13:48:16.941+0000] {logging_mixin.py:190} INFO - Processing book with ID: 187827003
[2024-10-28T13:48:17.457+0000] {logging_mixin.py:190} INFO - Processing book with ID: 263070154
[2024-10-28T13:48:17.924+0000] {logging_mixin.py:190} INFO - Processing book with ID: 166192600
[2024-10-28T13:48:18.212+0000] {logging_mixin.py:190} INFO - Processing book with ID: 48752755
[2024-10-28T13:48:18.477+0000] {logging_mixin.py:190} INFO - Processing book with ID: 105663942
[2024-10-28T13:48:18.767+0000] {logging_mixin.py:190} INFO - Processing book with ID: 381234
[2024-10-28T13:48:19.065+0000] {logging_mixin.py:190} INFO - Processing book with ID: 48323805
[2024-10-28T13:48:19.322+0000] {logging_mixin.py:190} INFO - Processing book with ID: 103512039
[2024-10-28T13:48:19.620+0000] {logging_mixin.py:190} INFO - Processing book with ID: 13419678
[2024-10-28T13:48:20.141+0000] {logging_mixin.py:190} INFO - Processing book with ID: 555504
[2024-10-28T13:48:20.461+0000] {logging_mixin.py:190} INFO - Processing book with ID: 13833466
[2024-10-28T13:48:20.923+0000] {logging_mixin.py:190} INFO - Processing book with ID: 71345381
[2024-10-28T13:48:21.249+0000] {logging_mixin.py:190} INFO - Processing book with ID: 104651900
[2024-10-28T13:48:21.528+0000] {logging_mixin.py:190} INFO - Processing book with ID: 207256575
[2024-10-28T13:48:21.819+0000] {logging_mixin.py:190} INFO - Processing book with ID: 36363381
[2024-10-28T13:48:22.330+0000] {logging_mixin.py:190} INFO - Processing book with ID: 75307228
[2024-10-28T13:48:22.631+0000] {logging_mixin.py:190} INFO - Processing book with ID: 276159943
[2024-10-28T13:48:23.244+0000] {logging_mixin.py:190} INFO - Processing book with ID: 93734071
[2024-10-28T13:48:23.628+0000] {logging_mixin.py:190} INFO - Processing book with ID: 112588572
[2024-10-28T13:48:23.894+0000] {logging_mixin.py:190} INFO - Processing book with ID: 71322822
[2024-10-28T13:48:24.165+0000] {logging_mixin.py:190} INFO - Processing book with ID: 10244169
[2024-10-28T13:48:24.443+0000] {logging_mixin.py:190} INFO - Processing book with ID: 148760924
[2024-10-28T13:48:24.731+0000] {logging_mixin.py:190} INFO - Processing book with ID: 270529639
[2024-10-28T13:48:25.030+0000] {logging_mixin.py:190} INFO - Processing book with ID: 275101757
[2024-10-28T13:48:25.327+0000] {logging_mixin.py:190} INFO - Processing book with ID: 262977989
[2024-10-28T13:48:25.843+0000] {logging_mixin.py:190} INFO - Processing book with ID: 272000024
[2024-10-28T13:48:26.148+0000] {logging_mixin.py:190} INFO - Processing book with ID: 273819808
[2024-10-28T13:48:26.494+0000] {logging_mixin.py:190} INFO - Processing book with ID: 57325187
[2024-10-28T13:48:26.834+0000] {logging_mixin.py:190} INFO - Processing book with ID: 7833728
[2024-10-28T13:48:27.273+0000] {logging_mixin.py:190} INFO - Processing book with ID: 275599939
[2024-10-28T13:48:27.550+0000] {logging_mixin.py:190} INFO - Processing book with ID: 273822788
[2024-10-28T13:48:27.882+0000] {logging_mixin.py:190} INFO - Processing book with ID: 202879294
[2024-10-28T13:48:28.146+0000] {logging_mixin.py:190} INFO - Processing book with ID: 3954355
[2024-10-28T13:48:28.425+0000] {logging_mixin.py:190} INFO - Processing book with ID: 95289208
[2024-10-28T13:48:28.928+0000] {logging_mixin.py:190} INFO - Processing book with ID: 52788072
[2024-10-28T13:48:29.245+0000] {logging_mixin.py:190} INFO - Processing book with ID: 41556498
[2024-10-28T13:48:29.540+0000] {logging_mixin.py:190} INFO - Processing book with ID: 194960730
[2024-10-28T13:48:30.035+0000] {logging_mixin.py:190} INFO - Processing book with ID: 50685547
[2024-10-28T13:48:30.475+0000] {logging_mixin.py:190} INFO - Processing book with ID: 214496616
[2024-10-28T13:48:30.839+0000] {logging_mixin.py:190} INFO - Processing book with ID: 274566783
[2024-10-28T13:48:31.234+0000] {logging_mixin.py:190} INFO - Processing book with ID: 43016499
[2024-10-28T13:48:31.622+0000] {logging_mixin.py:190} INFO - Processing book with ID: 195962334
[2024-10-28T13:48:32.130+0000] {logging_mixin.py:190} INFO - Processing book with ID: 15267827
[2024-10-28T13:48:32.484+0000] {logging_mixin.py:190} INFO - Processing book with ID: 190335975
[2024-10-28T13:48:32.768+0000] {logging_mixin.py:190} INFO - Processing book with ID: 262590428
[2024-10-28T13:48:33.188+0000] {logging_mixin.py:190} INFO - Processing book with ID: 10581200
[2024-10-28T13:48:33.459+0000] {logging_mixin.py:190} INFO - Processing book with ID: 270234757
[2024-10-28T13:48:33.860+0000] {logging_mixin.py:190} INFO - Processing book with ID: 19792256
[2024-10-28T13:48:34.158+0000] {logging_mixin.py:190} INFO - Processing book with ID: 37452783
[2024-10-28T13:48:34.633+0000] {logging_mixin.py:190} INFO - Processing book with ID: 648672
[2024-10-28T13:48:34.931+0000] {logging_mixin.py:190} INFO - Processing book with ID: 75996801
[2024-10-28T13:48:35.212+0000] {logging_mixin.py:190} INFO - Processing book with ID: 275243125
[2024-10-28T13:48:35.659+0000] {logging_mixin.py:190} INFO - Processing book with ID: 16284286
[2024-10-28T13:48:35.964+0000] {logging_mixin.py:190} INFO - Processing book with ID: 168662171
[2024-10-28T13:48:36.261+0000] {logging_mixin.py:190} INFO - Processing book with ID: 16422526
[2024-10-28T13:48:36.539+0000] {logging_mixin.py:190} INFO - Processing book with ID: 48592472
[2024-10-28T13:48:37.043+0000] {logging_mixin.py:190} INFO - Processing book with ID: 52329763
[2024-10-28T13:48:37.379+0000] {logging_mixin.py:190} INFO - Processing book with ID: 3608625
[2024-10-28T13:48:37.641+0000] {logging_mixin.py:190} INFO - Processing book with ID: 275702538
[2024-10-28T13:48:37.897+0000] {logging_mixin.py:190} INFO - Processing book with ID: 53434797
[2024-10-28T13:48:38.214+0000] {logging_mixin.py:190} INFO - Processing book with ID: 74021317
[2024-10-28T13:48:38.701+0000] {logging_mixin.py:190} INFO - Processing book with ID: 3304875
[2024-10-28T13:48:39.191+0000] {logging_mixin.py:190} INFO - Processing book with ID: 145288029
[2024-10-28T13:48:39.442+0000] {logging_mixin.py:190} INFO - Processing book with ID: 275406600
[2024-10-28T13:48:39.968+0000] {logging_mixin.py:190} INFO - Processing book with ID: 273844986
[2024-10-28T13:48:40.315+0000] {logging_mixin.py:190} INFO - Processing book with ID: 271379451
[2024-10-28T13:48:40.588+0000] {logging_mixin.py:190} INFO - Processing book with ID: 750578
[2024-10-28T13:48:40.900+0000] {logging_mixin.py:190} INFO - Processing book with ID: 147920903
[2024-10-28T13:48:41.254+0000] {logging_mixin.py:190} INFO - Processing book with ID: 4780917
[2024-10-28T13:48:41.551+0000] {logging_mixin.py:190} INFO - Processing book with ID: 3639597
[2024-10-28T13:48:41.834+0000] {logging_mixin.py:190} INFO - Processing book with ID: 52789367
[2024-10-28T13:48:42.158+0000] {logging_mixin.py:190} INFO - Processing book with ID: 157432544
[2024-10-28T13:48:42.615+0000] {logging_mixin.py:190} INFO - Processing book with ID: 73787185
[2024-10-28T13:48:42.936+0000] {logging_mixin.py:190} INFO - Processing book with ID: 17336364
[2024-10-28T13:48:43.372+0000] {logging_mixin.py:190} INFO - Processing book with ID: 271380890
[2024-10-28T13:48:43.951+0000] {logging_mixin.py:190} INFO - Processing book with ID: 10005245
[2024-10-28T13:48:44.531+0000] {logging_mixin.py:190} INFO - Processing book with ID: 109017985
[2024-10-28T13:48:44.896+0000] {logging_mixin.py:190} INFO - Current Working Directory: /opt/***
[2024-10-28T13:48:44.897+0000] {python.py:240} INFO - Done. Returned value was: None
[2024-10-28T13:48:44.923+0000] {taskinstance.py:340} INFO - ::group::Post task execution logs
[2024-10-28T13:48:44.924+0000] {taskinstance.py:352} INFO - Marking task as SUCCESS. dag_id=crawl_dag, task_id=run_main_function, run_id=manual__2024-10-28T13:48:14.778071+00:00, execution_date=20241028T134814, start_date=20241028T134815, end_date=20241028T134844
[2024-10-28T13:48:44.981+0000] {local_task_job_runner.py:266} INFO - Task exited with return code 0
[2024-10-28T13:48:45.031+0000] {taskinstance.py:3900} INFO - 0 downstream tasks scheduled from follow-on schedule check
[2024-10-28T13:48:45.034+0000] {local_task_job_runner.py:245} INFO - ::endgroup::
